
[C1] 出片新鲜度  通过 0  失败 0  提示 94
  · drill_c001  尚无出片产物：drill_c001__manual01-半台直线球 · 球形1-5杆
  · drill_c002  尚无出片产物：drill_c002__manual01-斜角入底角袋 · 球形1-9杆
  · drill_c003  尚无出片产物：drill_c003__manual01-高杆跟进走位 · 球形1-4杆
  · drill_c003  尚无出片产物：drill_c003__manual02-高杆跟进走位 · 球形2-5杆
  · drill_c004  尚无出片产物：drill_c004__manual01-低杆缩杆回位 · 球形1-4杆
  · drill_c004  尚无出片产物：drill_c004__manual02-低杆缩杆回位 · 球形2-4杆
  · drill_c005  尚无出片产物：drill_c005__manual01-一库走位定点 · 球形1-4杆
  · drill_c007  尚无出片产物：drill_c007__manual01-站位与身体对齐 · 球形1-4杆
  · drill_c009  尚无出片产物：drill_c009__manual01-直线出杆检验 · 球形1-7杆
  · drill_c010  尚无出片产物：drill_c010__manual01-中杆定杆基础 · 球形1-7杆
  · drill_c011  尚无出片产物：drill_c011__manual01-近台底袋直线球 · 球形1-5杆
  · drill_c012  尚无出片产物：drill_c012__manual01-中袋直线入袋 · 球形1-8杆
  · drill_c013  尚无出片产物：drill_c013__manual01-底袋小角度入袋 · 球形1-8杆
  · drill_c013  尚无出片产物：drill_c013__manual02-底袋小角度入袋 · 球形2-9杆
  · drill_c014  尚无出片产物：drill_c014__manual01-中杆定杆基础 · 球形1-7杆
  · drill_c015  尚无出片产物：drill_c015__manual01-高杆远台跟进 · 球形1-8杆
  · drill_c016  尚无出片产物：drill_c016__manual01-斯登角度停球 · 球形1-6杆
  · drill_c017  尚无出片产物：drill_c017__manual01-低杆远台缩杆 · 球形1-5杆
  · drill_c018  尚无出片产物：drill_c018__manual01-加塞一库变线 · 球形1-9杆
  · drill_c020  尚无出片产物：drill_c020__manual01-高杆加塞走位 · 球形1-16杆
  · drill_c021  尚无出片产物：drill_c021__manual01-低杆加塞回位 · 球形1-12杆
  · drill_c022  尚无出片产物：drill_c022__Snipaste_2026_06_02_00_19_36-远台直线出杆检验 · 球形2-1杆
  · drill_c022  尚无出片产物：drill_c022__Snipaste_2026_06_02_00_22_05-远台直线出杆检验 · 球形4-2杆
  · drill_c023  尚无出片产物：drill_c023__manual01-五分点瞄准线练习 · 球形1-8杆
  · drill_c024  尚无出片产物：drill_c024__manual01-分离角90度规则 · 球形1-6杆
  · drill_c025  尚无出片产物：drill_c025__manual01-薄球分离角感知 · 球形1-6杆
  · drill_c025  尚无出片产物：drill_c025__manual02-薄球分离角感知 · 球形2-7杆
  · drill_c026  尚无出片产物：drill_c026__manual01-厚球分离角控制 · 球形1-5杆
  · drill_c026  尚无出片产物：drill_c026__manual02-厚球分离角控制 · 球形2-7杆
  · drill_c026  尚无出片产物：drill_c026__manual03-厚球分离角控制 · 球形3-5杆
  · drill_c027  尚无出片产物：drill_c027__manual01-高杆缩小分离角 · 球形1-4杆
  · drill_c028  尚无出片产物：drill_c028__manual01-低杆扩大分离角 · 球形1-4杆
  · drill_c029  尚无出片产物：drill_c029__manual01-定杆分离角精确控制 · 球形1-6杆
  · drill_c030  尚无出片产物：drill_c030__manual01-分离角走位应用 · 球形1-5杆
  · drill_c031  尚无出片产物：drill_c031__Snipaste_2026_06_19_13_52_32-分离角综合挑战-13杆
  · drill_c032  尚无出片产物：drill_c032__manual01-中台角度球入袋 · 球形1-7杆
  · drill_c033  尚无出片产物：drill_c033__manual01-远台斜线入角袋 · 球形1-8杆
  · drill_c034  尚无出片产物：drill_c034__manual01-不吃库短距离走位 · 球形1-5杆
  · drill_c035  尚无出片产物：drill_c035__manual01-高杆一库走位 · 球形1-8杆
  · drill_c036  尚无出片产物：drill_c036__manual01-低杆一库走位 · 球形1-9杆
  · drill_c037  尚无出片产物：drill_c037__manual01-入位球基础 · 球形1-3杆
  · drill_c038  尚无出片产物：drill_c038__manual01-两库走位 · 球形1-12杆
  · drill_c039  尚无出片产物：drill_c039__manual01-直线球组合走位 · 球形1-8杆
  · drill_c040  尚无出片产物：drill_c040__manual01-三库走位 · 球形1-10杆
  · drill_c041  尚无出片产物：drill_c041__manual01-对角走位 · 球形1-12杆
  · drill_c042  尚无出片产物：drill_c042__manual01-初级蛇彩走位 · 球形1-8杆
  · drill_c042  尚无出片产物：drill_c042__manual02-初级蛇彩走位 · 球形2-5杆
  · drill_c044  尚无出片产物：drill_c044__manual01-轻推定位 · 球形1-6杆
  · drill_c045  尚无出片产物：drill_c045__manual01-三档力度控制 · 球形1-3杆
  · drill_c046  尚无出片产物：drill_c046__Snipaste_2026_06_19_16_49_09-控力走位圈-5杆
  · drill_c047  尚无出片产物：drill_c047__manual01-强力高杆穿越 · 球形1-12杆
  · drill_c048  尚无出片产物：drill_c048__manual01-强力低杆回拉 · 球形1-12杆
  · drill_c049  尚无出片产物：drill_c049__manual01-五档力度阶梯 · 球形1-5杆
  · drill_c050  尚无出片产物：drill_c050__manual01-软打控位 · 球形1-5杆
  · drill_c051  尚无出片产物：drill_c051__manual01-全力度走位综合 · 球形1-4杆
  · drill_c052  尚无出片产物：drill_c052__manual01-三分点角度入袋 · 球形1-7杆
  · drill_c053  尚无出片产物：drill_c053__manual01-中袋角度精准 · 球形1-10杆
  · drill_c053  尚无出片产物：drill_c053__manual02-中袋角度精准 · 球形2-13杆
  · drill_c054  尚无出片产物：drill_c054__manual01-翻袋入底角袋 · 球形1-5杆
  · drill_c055  尚无出片产物：drill_c055__manual01-翻袋入中袋 · 球形1-5杆
  · drill_c056  尚无出片产物：drill_c056__Snipaste_2026_06_19_17_32_46-K球不吃库 · 球形1-1杆
  · drill_c056  尚无出片产物：drill_c056__Snipaste_2026_06_19_17_35_51-K球不吃库 · 球形2-1杆
  · drill_c056  尚无出片产物：drill_c056__Snipaste_2026_06_19_17_37_37-K球不吃库 · 球形3-1杆
  · drill_c057  尚无出片产物：drill_c057__Snipaste_2026_06_19_17_43_31-K球吃库 · 球形1-1杆
  · drill_c057  尚无出片产物：drill_c057__Snipaste_2026_06_19_17_45_48-K球吃库 · 球形2-1杆
  · drill_c057  尚无出片产物：drill_c057__Snipaste_2026_06_19_17_48_56-K球吃库 · 球形3-1杆
  · drill_c058  尚无出片产物：drill_c058__Snipaste_2026_06_19_17_50_08-贴库球处理 · 球形1-1杆
  · drill_c058  尚无出片产物：drill_c058__Snipaste_2026_06_19_17_50_48-贴库球处理 · 球形2-1杆
  · drill_c060  尚无出片产物：drill_c060__manual01-安全球布置 · 球形1-8杆
  · drill_c062  尚无出片产物：drill_c062__Snipaste_2026_06_19_17_57_13-远台中袋直线-4杆
  · drill_c063  尚无出片产物：drill_c063__Snipaste_2026_06_19_17_58_23-极薄角度切球-2杆
  · drill_c064  尚无出片产物：drill_c064__Snipaste_2026_06_19_17_59_39-三球连打-3杆
  · drill_c069  尚无出片产物：drill_c069__manual01-中级蛇彩 · 球形1-8杆
  · drill_c069  尚无出片产物：drill_c069__manual02-中级蛇彩 · 球形2-10杆
  · drill_c071  尚无出片产物：drill_c071__manual01-高级蛇彩贴库综合 · 球形1-8杆
  · drill_c071  尚无出片产物：drill_c071__manual02-高级蛇彩贴库综合 · 球形2-15杆
  · drill_c072  尚无出片产物：drill_c072__Snipaste_2026_06_19_18_02_47-远台直线球极限 · 球形1-2杆
  · drill_c073  尚无出片产物：drill_c073__manual01-挤偏认知·直球近台 · 球形1-7杆
  · drill_c073  尚无出片产物：drill_c073__manual02-挤偏认知·直球近台 · 球形2-8杆
  · drill_c074  尚无出片产物：drill_c074__manual01-挤偏放大·直球长台 · 球形1-6杆
  · drill_c074  尚无出片产物：drill_c074__manual02-挤偏放大·直球长台 · 球形2-9杆
  · drill_c075  尚无出片产物：drill_c075__manual01-塞量阶梯 · 球形1-7杆
  · drill_c075  尚无出片产物：drill_c075__manual02-塞量阶梯 · 球形2-5杆
  · drill_c075  尚无出片产物：drill_c075__manual03-塞量阶梯 · 球形3-5杆
  · drill_c076  尚无出片产物：drill_c076__manual01-小角度带塞进袋 · 球形1-14杆
  · drill_c076  尚无出片产物：drill_c076__manual02-小角度带塞进袋 · 球形2-14杆
  · drill_c077  尚无出片产物：drill_c077__manual01-中大角度带塞进袋 · 球形1-5杆
  · drill_c078  尚无出片产物：drill_c078__manual01-远台带塞准度 · 球形1-16杆
  · drill_c079  尚无出片产物：drill_c079__manual01-四球走位 · 球形1-4杆
  · drill_c080  尚无出片产物：drill_c080__manual01-上下半台走位 · 球形1-4杆
  · drill_c081  尚无出片产物：drill_c081__manual01-四球同袋叫位 · 球形1-4杆
  · drill_c082  尚无出片产物：drill_c082__manual01-横向蛇彩围 8 · 球形1-12杆
  · drill_c083  尚无出片产物：drill_c083__manual01-吃库分离角 · 球形1-8杆
  · drill_c084  尚无出片产物：drill_c084__manual01-不吃库分离角 · 球形1-8杆

[C2] 回填一致性  通过 0  内容不符 0  冲突(已被引用) 0  冲突(未引用) 0  未回填 0

[C3] 引用指向  通过 710  命中旧图 0  失效 0（基线 0）

[C4] 结构对齐  通过 73  不一致 0  待迁移/无序列 10

[I5] 精讲球形 token ⊆ 序列 token  通过 73  违规 0  已知豁免 0  提示 0

[I6a] 剂量 perFormation token == 序列 token  通过 75  违规 0  已知豁免 0  提示 0

[I6b] sequence 型每轮球数 == 实测杆数；repetition 型形状约束  通过 94  违规 0  已知豁免 0  提示 0  规则豁免 87（repetition 型，§5.6.2）

[I7] profile vs 序列 token  通过 0  违规 0  已知豁免 0  提示 11
  · drill_c016  已标记退役，跳过一致性判定 —— —
  · drill_c018  已标记退役，跳过一致性判定 —— —
  · drill_c020  已标记退役，跳过一致性判定 —— —
  · drill_c021  已标记退役，跳过一致性判定 —— —
  · drill_c053  已标记退役，跳过一致性判定 —— —
  · drill_c073  已标记退役，跳过一致性判定 —— —
  · drill_c074  已标记退役，跳过一致性判定 —— —
  · drill_c075  已标记退役，跳过一致性判定 —— —
  · drill_c076  已标记退役，跳过一致性判定 —— —
  · drill_c077  已标记退役，跳过一致性判定 —— —
  · drill_c078  已标记退役，跳过一致性判定 —— —

[I8] Bundle DrillBoards ⊆ 上游序列  通过 97  违规 0  已知豁免 0  提示 0

[I9] 登记 drill 至少 1 条序列  通过 75  违规 0  已知豁免 8  提示 0
  ⊘ drill_c008  无任何序列 —— 录制序列或登记豁免（契约 §8.5）（已知豁免）
  ⊘ drill_c043  无任何序列 —— 录制序列或登记豁免（契约 §8.5）（已知豁免）
  ⊘ drill_c059  无任何序列 —— 录制序列或登记豁免（契约 §8.5）（已知豁免）
  ⊘ drill_c061  无任何序列 —— 录制序列或登记豁免（契约 §8.5）（已知豁免）
  ⊘ drill_c065  无任何序列 —— 录制序列或登记豁免（契约 §8.5）（已知豁免）
  ⊘ drill_c067  无任何序列 —— 录制序列或登记豁免（契约 §8.5）（已知豁免）
  ⊘ drill_c068  无任何序列 —— 录制序列或登记豁免（契约 §8.5）（已知豁免）
  ⊘ drill_c070  无任何序列 —— 录制序列或登记豁免（契约 §8.5）（已知豁免）

[I10] Bundle drill / plan 可被 App 模型解码  通过 97  违规 0  已知豁免 0  提示 0

[I11] 官方计划 drillId / dose / token 可解析  通过 252  违规 0  已知豁免 0  提示 0

[I12] 六轴 load 齐全 / 值域 0–4 / 代表分 = 球形实分  通过 180  违规 0  已知豁免 0  提示 0

[I13] 排课：建议周下界 / 热身≤主课 / 衰减单调 / 咬合外键 / 引入序  通过 464  违规 0  已知豁免 0  提示 0

============================================================
门禁模式（阻塞项：C1/C2/C3/C4/I5/I6a/I6b/I7/I8/I9/I10/I11/I12/I13）
总计 FAIL: 0 —— 全链路同步
[发布图] 应发布 710  已发布 710  合计 112.6 MB
  缺母版 0  未发布 0  过期 0  未登记清单 0  多余产物 0  打包配置 0
总计 FAIL: 0 —— 发布链路同步
→ 双端对齐门禁（Swift DTO ↔ Mongoose schema）  root=/Users/song/projects/13.billiard_trainer-w5
  门禁模式：阻塞 D0（解析失败）/ D1（Swift 有、后端未登记）；D2/D3 为 WARN

[TrainingSessionDTO ↔ trainingSessionSchema]
  ✓ TrainingSessionDTO.drillEntries.sets: 9 个字段两端都在册（Swift 9 / 后端 9）
  ✓ TrainingSessionDTO.drillEntries: 6 个字段两端都在册（Swift 6 / 后端 6）
  ✓ TrainingSessionDTO: 8 个字段两端都在册（Swift 8 / 后端 13）

[AngleTestDTO ↔ angleTestSchema]
  ✓ AngleTestDTO: 8 个字段两端都在册（Swift 8 / 后端 13）

✅ 双端对齐门禁通过：FAIL 0 / WARN 0
